// Jest Snapshot v1, https://jestjs.io/docs/snapshot-testing

exports[`getAuthenticatedAccount should return an Account 1`] = `
{
  "createdAt": 2023-03-09T17:33:09.000Z,
  "id": 2,
  "isSftpDeletionEnabled": false,
  "updatedAt": 2023-03-09T17:33:13.000Z,
}
`;
