// Jest Snapshot v1, https://goo.gl/fbAQLP

exports[`createRecordVo should create a record 1`] = `
{
  "AccessVO": null,
  "ArchiveVOs": [],
  "FileVOs": null,
  "FolderLinkVOs": [
    {
      "accessRole": "access.role.owner",
      "archiveId": 2,
      "createdDT": "2023-01-23T21:02:40",
      "folderId": null,
      "folder_linkId": 14,
      "linkCount": 1,
      "parentFolderId": 7,
      "parentFolder_linkId": 7,
      "position": 1,
      "recordId": 5,
      "shareDT": null,
      "status": "status.generic.ok",
      "type": "type.folder_link.private",
      "updatedDT": "2023-01-23T21:02:40",
    },
  ],
  "LocnVO": null,
  "ParentFolderVOs": null,
  "RecordExifVO": null,
  "ShareVOs": [],
  "TagVOs": [],
  "TextDataVOs": [],
  "TimezoneVO": null,
  "accessRole": "access.role.owner",
  "archiveArchiveNbr": null,
  "archiveId": 2,
  "archiveNbr": "0002-000a",
  "createdDT": "2023-01-23T21:02:40",
  "derivedCreatedDT": null,
  "derivedDT": null,
  "derivedEndDT": null,
  "description": null,
  "displayDT": "2023-01-23T21:02:40",
  "displayEndDT": null,
  "displayName": "test",
  "downloadName": "test (1).txt",
  "downloadNameOk": true,
  "fileDurationInSecs": null,
  "fileStatus": "status.generic.undefined",
  "folderArchiveId": 2,
  "folder_linkId": 14,
  "folder_linkType": "type.folder_link.private",
  "imageRatio": 1,
  "locnId": null,
  "metaToken": "7JIO65WKIM",
  "note": null,
  "parentArchiveNbr": null,
  "parentDisplayName": null,
  "parentFolderId": 7,
  "parentFolder_linkId": 7,
  "pathAsArchiveNbr": null,
  "pathAsFolder_linkId": null,
  "pathAsText": null,
  "position": 1,
  "processedDT": null,
  "publicDT": null,
  "recordId": 5,
  "refArchiveNbr": null,
  "saveAs": null,
  "searchScore": null,
  "size": null,
  "status": "status.record.uploaded",
  "thumbDT": null,
  "thumbStatus": "status.record.needs_thumb",
  "thumbURL1000": null,
  "thumbURL200": null,
  "thumbURL2000": null,
  "thumbURL500": null,
  "timeZoneId": 88,
  "type": "type.record.document",
  "updatedDT": "2023-01-23T21:02:40",
  "uploadAccountId": 3,
  "uploadFileName": "test.txt",
  "uploadUri": null,
  "view": null,
  "viewProperty": null,
}
`;
