// Jest Snapshot v1, https://goo.gl/fbAQLP

exports[`getAuthenticatedAccountVo should return the account VO 1`] = `
Object {
  "accessRole": null,
  "accountId": 2,
  "address": null,
  "address2": null,
  "agreed": null,
  "betaParticipant": null,
  "changePrimaryEmail": null,
  "changePrimaryPhone": null,
  "city": null,
  "country": null,
  "createdDT": "2023-03-09T17:33:09",
  "defaultArchiveCreated": 1,
  "defaultArchiveId": 1,
  "emailArray": null,
  "emailStatus": "status.auth.unverified",
  "fileLeft": 100006,
  "fileTotal": null,
  "fullName": "Blarg Blarg",
  "inviteCode": null,
  "keepLoggedIn": null,
  "notificationPreferences": "{\\"textPreference\\": {\\"apps\\": {\\"confirmations\\": 1}, \\"share\\": {\\"requests\\": 1, \\"activities\\": 1, \\"confirmations\\": 1}, \\"account\\": {\\"confirmations\\": 1, \\"recommendations\\": 1}, \\"archive\\": {\\"requests\\": 1, \\"confirmations\\": 1}, \\"relationships\\": {\\"requests\\": 1, \\"confirmations\\": 1}}, \\"emailPreference\\": {\\"apps\\": {\\"confirmations\\": 1}, \\"share\\": {\\"requests\\": 1, \\"activities\\": 1, \\"confirmations\\": 1}, \\"account\\": {\\"confirmations\\": 1, \\"recommendations\\": 1}, \\"archive\\": {\\"requests\\": 1, \\"confirmations\\": 1}, \\"relationships\\": {\\"requests\\": 1, \\"confirmations\\": 1}}, \\"inAppPreference\\": {\\"apps\\": {\\"confirmations\\": 1}, \\"share\\": {\\"requests\\": 1, \\"activities\\": 1, \\"confirmations\\": 1}, \\"account\\": {\\"confirmations\\": 1, \\"recommendations\\": 1}, \\"archive\\": {\\"requests\\": 1, \\"confirmations\\": 1}, \\"relationships\\": {\\"requests\\": 1, \\"confirmations\\": 1}}}",
  "optIn": null,
  "phoneStatus": "status.auth.none",
  "primaryEmail": "blarg@permanent.org",
  "primaryPhone": null,
  "spaceLeft": 68341120,
  "spaceTotal": 104857600,
  "state": null,
  "status": "status.auth.ok",
  "subject": "6a717417-7717-4767-b0be-1afb6ca8dbd5",
  "type": "type.account.standard",
  "updatedDT": "2023-03-09T17:33:13",
  "zip": null,
}
`;
